// Jest Snapshot v1, https://goo.gl/fbAQLP

exports[`should render 1`] = `
Object {
  "component": App {
    "$$": Object {
      "after_update": Array [],
      "before_update": Array [],
      "bound": Object {},
      "callbacks": Object {},
      "context": Map {},
      "ctx": Array [
        "world",
        0,
        0,
        32,
        Array [
          "",
        ],
        "th",
        "blue",
        [Function],
        [Function],
        [Function],
        [Function],
        [Function],
        undefined,
        [Function],
        [Function],
      ],
      "dirty": Array [
        -1,
      ],
      "fragment": Object {
        "c": [Function],
        "d": [Function],
        "i": [Function],
        "l": [Function],
        "m": [Function],
        "o": [Function],
        "p": [Function],
      },
      "not_equal": [Function],
      "on_destroy": Array [
        [Function],
      ],
      "on_mount": Array [],
      "props": Object {
        "name": 0,
      },
      "skip_bound": false,
      "update": [Function],
    },
    "$$set": [Function],
    "$capture_state": [Function],
    "$inject_state": [Function],
  },
  "container": <body
    style="--safe-area-width: 1px; --safe-area-height: 1px; --safe-area-top: 0px; --safe-area-right: 0px; --safe-area-bottom: 0px; --safe-area-left: 0px; --view-width: 1px; --view-height: 1px; --zoom-width: 1px; --zoom-height: 1px; --zoom-in: 1; --zoom-out: 1; --zoom-top: 0px; --zoom-right: 0px; --zoom-bottom: 0px; --zoom-left: 0px;"
  >
    <div>
      <main
        class="svelte-r84n57"
      >
        <h1
          class="svelte-r84n57"
        >
          Hello 
          world
          !
        </h1>
         
        <p />
         
        <p>
          Visit the
    
          <a
            href="https://svelte.dev/tutorial"
          >
            Svelte tutorial
          </a>
          
    to learn how to build Svelte apps.
        </p>
         
        <button>
          Clicked
    
          <span
            style="color: blue"
          >
            0
            th
          </span>
        </button>
         
        <input
          type="number"
        />
        
  °c =
  
        <input
          type="number"
        />
        
  °f
  
        <style>
          input {
      width: 5em;
    }
        </style>
      </main>
       
       
      <div
        class="svelte-pq94x5"
      />
       
    </div>
  </body>,
  "debug": [Function],
  "findAllByAltText": [Function],
  "findAllByDisplayValue": [Function],
  "findAllByLabelText": [Function],
  "findAllByPlaceholderText": [Function],
  "findAllByRole": [Function],
  "findAllByTestId": [Function],
  "findAllByText": [Function],
  "findAllByTitle": [Function],
  "findByAltText": [Function],
  "findByDisplayValue": [Function],
  "findByLabelText": [Function],
  "findByPlaceholderText": [Function],
  "findByRole": [Function],
  "findByTestId": [Function],
  "findByText": [Function],
  "findByTitle": [Function],
  "getAllByAltText": [Function],
  "getAllByDisplayValue": [Function],
  "getAllByLabelText": [Function],
  "getAllByPlaceholderText": [Function],
  "getAllByRole": [Function],
  "getAllByTestId": [Function],
  "getAllByText": [Function],
  "getAllByTitle": [Function],
  "getByAltText": [Function],
  "getByDisplayValue": [Function],
  "getByLabelText": [Function],
  "getByPlaceholderText": [Function],
  "getByRole": [Function],
  "getByTestId": [Function],
  "getByText": [Function],
  "getByTitle": [Function],
  "queryAllByAltText": [Function],
  "queryAllByDisplayValue": [Function],
  "queryAllByLabelText": [Function],
  "queryAllByPlaceholderText": [Function],
  "queryAllByRole": [Function],
  "queryAllByTestId": [Function],
  "queryAllByText": [Function],
  "queryAllByTitle": [Function],
  "queryByAltText": [Function],
  "queryByDisplayValue": [Function],
  "queryByLabelText": [Function],
  "queryByPlaceholderText": [Function],
  "queryByRole": [Function],
  "queryByTestId": [Function],
  "queryByText": [Function],
  "queryByTitle": [Function],
  "rerender": [Function],
  "unmount": [Function],
}
`;
